
> my-project@0.1.0 dev
> next dev

▲ Next.js 16.2.6 (Turbopack)
- Local:         http://localhost:3000
- Network:       http://10.52.234.155:3000
- Environments: .env.local
✓ Ready in 559ms
Creating turbopack project { dir: 'V:\\FaceAttend-main\\FaceAttend-main', testMode: true }

 GET /student/timetable 200 in 497ms (next.js: 207ms, application-code: 290ms)
 GET /teacher/dashboard 200 in 256ms (next.js: 24ms, application-code: 233ms)
 GET / 200 in 479ms (next.js: 103ms, application-code: 375ms)
 GET /teacher/login 200 in 305ms (next.js: 138ms, application-code: 167ms)
 GET /teacher/dashboard 200 in 219ms (next.js: 9ms, application-code: 210ms)
 GET /teacher/dashboard 200 in 222ms (next.js: 11ms, application-code: 210ms)
 GET /teacher/dashboard 200 in 163ms (next.js: 12ms, application-code: 151ms)
 GET /teacher/timetable 200 in 139ms (next.js: 88ms, application-code: 51ms)
 GET / 200 in 151ms (next.js: 8ms, application-code: 143ms)
 GET /admin/login 200 in 214ms (next.js: 120ms, application-code: 94ms)
 GET /admin/login 200 in 129ms (next.js: 21ms, application-code: 108ms)
 GET /admin/dashboard 200 in 212ms (next.js: 109ms, application-code: 103ms)
 GET /admin/semester/2 200 in 720ms (next.js: 622ms, application-code: 98ms)
 GET /admin/semester/2/section/SEM2_C 200 in 687ms (next.js: 557ms, application-code: 129ms)
 GET /admin/timetable 200 in 127ms (next.js: 68ms, application-code: 59ms)
 GET /admin/activity-log 200 in 103ms (next.js: 54ms, application-code: 49ms)
 GET /admin/settings 200 in 101ms (next.js: 54ms, application-code: 48ms)
 GET /admin/activity-log 200 in 79ms (next.js: 13ms, application-code: 66ms)
 GET / 200 in 145ms (next.js: 12ms, application-code: 133ms)
 GET / 200 in 92ms (next.js: 14ms, application-code: 77ms)
 GET /teacher/login 200 in 109ms (next.js: 15ms, application-code: 94ms)
 GET /teacher/dashboard 200 in 310ms (next.js: 17ms, application-code: 293ms)
 GET /teacher/dashboard 200 in 226ms (next.js: 14ms, application-code: 212ms)
 GET /teacher/dashboard 200 in 128ms (next.js: 15ms, application-code: 113ms)
 GET /teacher/timetable 200 in 54ms (next.js: 7ms, application-code: 47ms)
 GET /teacher/dashboard 200 in 86ms (next.js: 14ms, application-code: 72ms)
 GET /teacher/dashboard?tab=view 200 in 75ms (next.js: 12ms, application-code: 63ms)
 GET /teacher/dashboard?tab=marks 200 in 65ms (next.js: 9ms, application-code: 55ms)
 GET /teacher/dashboard?tab=analytics 200 in 65ms (next.js: 9ms, application-code: 56ms)
 GET /teacher/dashboard?tab=defaulters 200 in 49ms (next.js: 6ms, application-code: 43ms)
 GET /teacher/dashboard?tab=condonation 200 in 120ms (next.js: 7ms, application-code: 113ms)
 GET /teacher/dashboard?tab=condonation 200 in 63ms (next.js: 6ms, application-code: 57ms)
 GET /teacher/dashboard?tab=defaulters 200 in 79ms (next.js: 13ms, application-code: 67ms)
 GET /teacher/dashboard?tab=notifications 200 in 73ms (next.js: 9ms, application-code: 64ms)
 GET /teacher/dashboard 200 in 59ms (next.js: 5ms, application-code: 53ms)
 GET /teacher/login 200 in 157ms (next.js: 17ms, application-code: 140ms)
 GET /teacher/login 200 in 85ms (next.js: 6ms, application-code: 78ms)
 GET / 200 in 84ms (next.js: 15ms, application-code: 69ms)
 GET /student/login 200 in 262ms (next.js: 136ms, application-code: 126ms)
 GET /student/dashboard 200 in 356ms (next.js: 132ms, application-code: 224ms)
 GET /student/dashboard 200 in 173ms (next.js: 8ms, application-code: 165ms)
 GET /student/dashboard 200 in 96ms (next.js: 10ms, application-code: 86ms)
 GET /student/timetable 200 in 62ms (next.js: 8ms, application-code: 54ms)
 GET /student/dashboard?tab=attendance 200 in 80ms (next.js: 10ms, application-code: 70ms)
 GET /student/dashboard?tab=analytics 200 in 223ms (next.js: 39ms, application-code: 183ms)
 GET /student/dashboard?tab=marks 200 in 55ms (next.js: 8ms, application-code: 47ms)
 GET /student/dashboard?tab=cgpa 200 in 53ms (next.js: 7ms, application-code: 46ms)
 GET /student/dashboard?tab=notifications 200 in 69ms (next.js: 6ms, application-code: 63ms)
 GET /student/login 200 in 156ms (next.js: 13ms, application-code: 143ms)
 GET /student/login 200 in 67ms (next.js: 10ms, application-code: 57ms)
 GET /student/dashboard 200 in 164ms (next.js: 12ms, application-code: 151ms)
 GET /student/dashboard 200 in 158ms (next.js: 15ms, application-code: 142ms)
 GET /student/dashboard 200 in 89ms (next.js: 16ms, application-code: 73ms)
 GET /student/timetable 200 in 68ms (next.js: 9ms, application-code: 59ms)
 GET /student/dashboard?tab=attendance 200 in 61ms (next.js: 12ms, application-code: 49ms)
 GET /student/dashboard?tab=analytics 200 in 50ms (next.js: 6ms, application-code: 44ms)
 GET /student/dashboard?tab=marks 200 in 79ms (next.js: 12ms, application-code: 67ms)
 GET /student/dashboard?tab=cgpa 200 in 66ms (next.js: 5ms, application-code: 61ms)
 GET /student/dashboard?tab=notifications 200 in 66ms (next.js: 9ms, application-code: 56ms)
 GET /student/register-face 200 in 2.8s (next.js: 2.7s, application-code: 55ms)
 GET /student/dashboard?tab=notifications 200 in 66ms (next.js: 11ms, application-code: 54ms)
 GET /student/dashboard?tab=cgpa 200 in 82ms (next.js: 10ms, application-code: 72ms)
 GET /student/dashboard?tab=marks 200 in 80ms (next.js: 12ms, application-code: 68ms)
 GET /student/dashboard?tab=analytics 200 in 71ms (next.js: 7ms, application-code: 64ms)
 GET /student/dashboard 200 in 119ms (next.js: 18ms, application-code: 101ms)
 GET / 200 in 203ms (next.js: 7ms, application-code: 197ms)
 GET / 200 in 164ms (next.js: 9ms, application-code: 155ms)
 GET / 200 in 163ms (next.js: 13ms, application-code: 150ms)
