⚠ Slow filesystem detected. The benchmark took 227ms. If V:\FaceAttend-main\FaceAttend-main\.next/dev is a network drive, consider moving it to a local folder.
See more: https://nextjs.org/docs/app/guides/local-development
[browser] Warning: Missing `Description` or `aria-describedby={undefined}` for {DialogContent}.
[browser] Warning: Missing `Description` or `aria-describedby={undefined}` for {DialogContent}.
[browser] In HTML, <td> cannot be a child of <div>.
This will cause a hydration error.

  ...
    <Primitive.div dir="ltr" data-orientation="horizontal" data-slot="tabs" className="flex flex-..." ref={null}>
      <div dir="ltr" data-orientation="horizontal" data-slot="tabs" className="flex flex-..." ref={null}>
        <TabsList>
        <TabsContent value="attendance">
          <TabsContent data-slot="tabs-content" className="flex-1 out..." value="attendance">
            <Presence present={true}>
              <Primitive.div data-state="active" data-orientation="horizontal" role="tabpanel" ...>
                <div data-state="active" data-orientation="horizontal" role="tabpanel" aria-labelledby="radix-_r_2..." ...>
                  <Card className="card-shadow">
                    <div data-slot="card" className="bg-card te...">
                      <CardHeader>
                      <CardContent className="overflow-x...">
                        <div data-slot="card-content" className="px-6 overf...">
                          <table className="w-full tex...">
                            <thead>
                            <tbody>
                              <tr className="border-b">
                                <td colSpan={6}>
>                                 <div className="grid grid-cols-6 gap-4 py-3 items-center bg-emerald-50/50 px-4">
>                                   <td className="font-medium">
                                    ...
                                  ...
        ...
 
