
> my-project@0.1.0 dev
> next dev

▲ Next.js 16.2.6 (Turbopack)
- Local:         http://localhost:3000
- Network:       http://10.52.234.155:3000
- Environments: .env.local
✓ Ready in 555ms
Creating turbopack project { dir: 'V:\\FaceAttend-main\\FaceAttend-main', testMode: true }

 GET /student/dashboard?tab=analytics 200 in 762ms (next.js: 258ms, application-code: 504ms)
 GET / 200 in 174ms (next.js: 97ms, application-code: 77ms)
(node:21324) [DEP0205] DeprecationWarning: `module.register()` is deprecated. Use `module.registerHooks()` instead.
(Use `node --trace-deprecation ...` to show where the warning was created)
⚠ Fast Refresh had to perform a full reload when ./lib/api.ts changed. Read more: https://nextjs.org/docs/messages/fast-refresh-reload
✓ Compiled in 1101ms
 GET /student/dashboard?tab=analytics 200 in 340ms (next.js: 308ms, application-code: 31ms)
 GET /student/dashboard?tab=analytics 200 in 351ms (next.js: 95ms, application-code: 256ms)
 GET /student/dashboard?tab=analytics 200 in 183ms (next.js: 27ms, application-code: 156ms)
 GET /student/dashboard?tab=analytics 200 in 130ms (next.js: 10ms, application-code: 120ms)
 GET /student/dashboard?tab=analytics 200 in 104ms (next.js: 4ms, application-code: 100ms)
 GET /student/dashboard?tab=analytics 200 in 104ms (next.js: 40ms, application-code: 63ms)
 GET /student/dashboard?tab=analytics 200 in 106ms (next.js: 21ms, application-code: 85ms)
 GET /student/dashboard?tab=analytics 200 in 65ms (next.js: 4ms, application-code: 61ms)
 GET /student/dashboard?tab=analytics 200 in 82ms (next.js: 6ms, application-code: 76ms)
 GET /student/dashboard?tab=analytics 200 in 63ms (next.js: 5ms, application-code: 58ms)
 GET /student/dashboard?tab=analytics 200 in 42ms (next.js: 3ms, application-code: 40ms)
 GET /student/dashboard?tab=analytics 200 in 43ms (next.js: 18ms, application-code: 25ms)
✓ Compiled in 398ms
 GET /student/dashboard?tab=analytics 200 in 553ms (next.js: 358ms, application-code: 194ms)
 GET /student/dashboard?tab=analytics 200 in 123ms (next.js: 4ms, application-code: 119ms)
 GET /student/dashboard?tab=analytics 200 in 111ms (next.js: 6ms, application-code: 106ms)
 GET /student/dashboard?tab=analytics 200 in 111ms (next.js: 48ms, application-code: 63ms)
 GET /student/dashboard?tab=analytics 200 in 112ms (next.js: 27ms, application-code: 85ms)
 GET /student/dashboard?tab=analytics 200 in 162ms (next.js: 6ms, application-code: 157ms)
 GET /student/dashboard?tab=analytics 200 in 144ms (next.js: 6ms, application-code: 137ms)
 GET /student/dashboard?tab=analytics 200 in 145ms (next.js: 24ms, application-code: 122ms)
 GET /student/dashboard?tab=analytics 200 in 130ms (next.js: 6ms, application-code: 124ms)
 GET /student/dashboard?tab=analytics 200 in 153ms (next.js: 31ms, application-code: 122ms)
 GET /student/dashboard?tab=analytics 200 in 125ms (next.js: 29ms, application-code: 97ms)
 GET /student/dashboard?tab=analytics 200 in 141ms (next.js: 8ms, application-code: 132ms)
 GET /student/dashboard?tab=analytics 200 in 108ms (next.js: 9ms, application-code: 100ms)
 GET /student/dashboard?tab=analytics 200 in 109ms (next.js: 26ms, application-code: 83ms)
 GET /student/dashboard?tab=analytics 200 in 72ms (next.js: 4ms, application-code: 69ms)
 GET /student/dashboard?tab=analytics 200 in 107ms (next.js: 22ms, application-code: 85ms)
 GET /student/dashboard?tab=analytics 200 in 108ms (next.js: 4ms, application-code: 104ms)
 GET /student/dashboard?tab=analytics 200 in 128ms (next.js: 3ms, application-code: 125ms)
 GET /student/dashboard?tab=analytics 200 in 129ms (next.js: 18ms, application-code: 110ms)
 GET /student/dashboard?tab=analytics 200 in 96ms (next.js: 3ms, application-code: 93ms)
 GET /student/dashboard?tab=analytics 200 in 79ms (next.js: 3ms, application-code: 76ms)
 GET /student/dashboard?tab=analytics 200 in 139ms (next.js: 18ms, application-code: 121ms)
 GET /student/dashboard?tab=analytics 200 in 140ms (next.js: 2ms, application-code: 138ms)
 GET /student/dashboard?tab=analytics 200 in 147ms (next.js: 5ms, application-code: 142ms)
 GET /student/dashboard?tab=analytics 200 in 148ms (next.js: 45ms, application-code: 103ms)
 GET /student/dashboard?tab=analytics 200 in 115ms (next.js: 27ms, application-code: 88ms)
 GET /student/dashboard?tab=analytics 200 in 89ms (next.js: 4ms, application-code: 85ms)
 GET /student/dashboard?tab=analytics 200 in 104ms (next.js: 3ms, application-code: 101ms)
 GET /student/dashboard?tab=analytics 200 in 127ms (next.js: 17ms, application-code: 109ms)
 GET /student/dashboard?tab=analytics 200 in 127ms (next.js: 3ms, application-code: 124ms)
 GET /student/dashboard?tab=analytics 200 in 128ms (next.js: 19ms, application-code: 108ms)
 GET /student/dashboard?tab=analytics 200 in 92ms (next.js: 5ms, application-code: 87ms)
 GET /student/dashboard?tab=analytics 200 in 75ms (next.js: 4ms, application-code: 71ms)
 GET /student/dashboard?tab=analytics 200 in 99ms (next.js: 3ms, application-code: 97ms)
 GET /student/dashboard?tab=analytics 200 in 122ms (next.js: 2ms, application-code: 119ms)
 GET /student/dashboard?tab=analytics 200 in 101ms (next.js: 4ms, application-code: 97ms)
 GET /student/dashboard?tab=analytics 200 in 101ms (next.js: 18ms, application-code: 83ms)
 GET /student/dashboard?tab=analytics 200 in 85ms (next.js: 17ms, application-code: 68ms)
 GET /student/dashboard?tab=analytics 200 in 70ms (next.js: 3ms, application-code: 67ms)
 GET /student/dashboard?tab=analytics 200 in 117ms (next.js: 4ms, application-code: 113ms)
 GET /student/dashboard?tab=analytics 200 in 114ms (next.js: 3ms, application-code: 111ms)
 GET /student/dashboard?tab=analytics 200 in 97ms (next.js: 4ms, application-code: 93ms)
 GET /student/dashboard?tab=analytics 200 in 100ms (next.js: 19ms, application-code: 81ms)
 GET /student/dashboard?tab=analytics 200 in 101ms (next.js: 33ms, application-code: 68ms)
 GET /student/dashboard?tab=analytics 200 in 56ms (next.js: 6ms, application-code: 50ms)
 GET /student/dashboard?tab=analytics 200 in 167ms (next.js: 2ms, application-code: 164ms)
 GET /student/dashboard?tab=analytics 200 in 164ms (next.js: 19ms, application-code: 145ms)
 GET /student/dashboard?tab=analytics 200 in 166ms (next.js: 4ms, application-code: 162ms)
 GET /student/dashboard?tab=analytics 200 in 131ms (next.js: 4ms, application-code: 128ms)
 GET /student/dashboard?tab=analytics 200 in 131ms (next.js: 24ms, application-code: 108ms)
 GET /student/dashboard?tab=analytics 200 in 86ms (next.js: 12ms, application-code: 74ms)
 GET /student/dashboard?tab=analytics 200 in 85ms (next.js: 3ms, application-code: 82ms)
 GET /student/dashboard?tab=analytics 200 in 66ms (next.js: 2ms, application-code: 63ms)
 GET /student/dashboard?tab=analytics 200 in 50ms (next.js: 2ms, application-code: 48ms)
 GET /student/dashboard?tab=analytics 200 in 50ms (next.js: 16ms, application-code: 34ms)
 GET /student/dashboard?tab=analytics 200 in 51ms (next.js: 32ms, application-code: 19ms)
 GET /student/dashboard?tab=analytics 200 in 88ms (next.js: 40ms, application-code: 48ms)
 GET /student/dashboard?tab=analytics 200 in 100ms (next.js: 34ms, application-code: 66ms)
✓ Compiled in 342ms
 GET /student/dashboard?tab=analytics 200 in 119ms (next.js: 63ms, application-code: 56ms)
 GET /student/dashboard?tab=analytics 200 in 120ms (next.js: 19ms, application-code: 101ms)
 GET /student/dashboard?tab=analytics 200 in 120ms (next.js: 97ms, application-code: 23ms)
 GET /student/dashboard?tab=analytics 200 in 361ms (next.js: 35ms, application-code: 326ms)
 GET /student/dashboard?tab=analytics 200 in 460ms (next.js: 41ms, application-code: 419ms)
 GET /student/dashboard?tab=analytics 200 in 370ms (next.js: 11ms, application-code: 359ms)
✓ Compiled in 120ms
 GET /student/dashboard?tab=analytics 200 in 77ms (next.js: 39ms, application-code: 38ms)
✓ Compiled in 129ms
 GET /student/dashboard?tab=analytics 200 in 80ms (next.js: 42ms, application-code: 38ms)
✓ Compiled in 134ms
 GET /student/dashboard?tab=analytics 200 in 100ms (next.js: 50ms, application-code: 50ms)
✓ Compiled in 298ms
 GET /student/dashboard?tab=analytics 200 in 98ms (next.js: 47ms, application-code: 52ms)
[?25h
